ssi/models/speech/age[IS13-scale-linear-c1e-1].trainer.LibSVM.model https://noxi.aria-agent.eu/models/age.model
ssi/models/speech/agreeableness[IS13-scale-linear-c1e-1].trainer.LibSVM.model https://noxi.aria-agent.eu/models/agreeableness.model
ssi/models/speech/conscientiousness[IS13-scale-linear-c1e-3].trainer.LibSVM.model https://noxi.aria-agent.eu/models/conscientiousness.model
ssi/models/speech/interest[IS13-scale-linear-c1e-5].trainer.LibSVM.model https://noxi.aria-agent.eu/models/interest.model
ssi/models/speech/language[IS13-scale-linear-c1e-5].trainer.LibSVM.model https://noxi.aria-agent.eu/models/language.model
ssi/models/speech/valence[IS13-scale-linear-c1e-3].trainer.LibSVM.model https://noxi.aria-agent.eu/models/valence.model
ssi/pipes/avemotione2e/models/model.ckpt-4129.data-00000-of-00001 https://noxi.aria-agent.eu/models/avemotione2e/2017-12-13/model.ckpt-4129.data-00000-of-00001
ssi/pipes/avemotione2e/models/model.ckpt-4129.index https://noxi.aria-agent.eu/models/avemotione2e/2017-12-13/model.ckpt-4129.index
ssi/pipes/avemotione2e/models/model.ckpt-4129.meta https://noxi.aria-agent.eu/models/avemotione2e/2017-12-13/model.ckpt-4129.meta
