/System/Agent-Input/ssi/models/speech/age[IS13-scale-linear-c1e-1].trainer.LibSVM.model https://noxi.aria-agent.eu/models/age.model
/System/Agent-Input/ssi/models/speech/agreeableness[IS13-scale-linear-c1e-1].trainer.LibSVM.model https://noxi.aria-agent.eu/models/agreeableness.model
/System/Agent-Input/ssi/models/speech/conscientiousness[IS13-scale-linear-c1e-3].trainer.LibSVM.model https://noxi.aria-agent.eu/models/conscientiousness.model
/System/Agent-Input/ssi/models/speech/interest[IS13-scale-linear-c1e-5].trainer.LibSVM.model https://noxi.aria-agent.eu/models/interest.model
/System/Agent-Input/ssi/models/speech/language[IS13-scale-linear-c1e-5].trainer.LibSVM.model https://noxi.aria-agent.eu/models/language.model
/System/Agent-Input/ssi/models/speech/valence[IS13-scale-linear-c1e-3].trainer.LibSVM.model https://noxi.aria-agent.eu/models/valence.model
/System/Agent-Output/bin/Common/Data/Cereproc/en-gb-sarah/cerevoice_sarah_3.2.0_48k.voice https://aria-agent.s3.amazonaws.com/cerevoice_sarah_3.2.0_48k.voice?Signature=e95XZ7TbOwJHREIMvkihj3cxEZo%3D&Expires=1535085964&AWSAccessKeyId=AKIAI3ZAQHKEMUJ73IVQ
